STG
((fromList [(Global {unGlobal = 8}, Just UnitType)],
  fromList
    [(Global {unGlobal = 1}, Just (Object Ptr)),
     (Global {unGlobal = 4}, Just (Object Ptr)),
     (Global {unGlobal = 7}, Just (Object Ptr))],
  fromList
    [(Global {unGlobal = 0}, Nothing),
     (Global {unGlobal = 2}, Nothing),
     (Global {unGlobal = 3}, Nothing),
     (Global {unGlobal = 5}, Nothing),
     (Global {unGlobal = 6}, Nothing)],
  []),
 Just (Letrec [] (Val Unit)))
