((fromList [(Global {unGlobal = 0}, Just UnitType)],
  fromList [],
  fromList [],
  fromList []),
 Let
   (fromList
      [ObjectConstant (Id {unId = 0}) (TypeType Object),
       ObjectConstant
         (Id {unId = 1}) (GlobalVar (Id {unId = 0})),
       ObjectConstant
         (Id {unId = 2}) (GlobalVar (Id {unId = 0}))])
   (IOIntroPure UnitIntro))
