RIGHT{([(SourcePos
     {sourceName = "<TODO>",
      sourceLine = Pos 3,
      sourceColumn = Pos 25},
   UnboundVariable (UserName "Bool")),
  (SourcePos
     {sourceName = "<TODO>",
      sourceLine = Pos 4,
      sourceColumn = Pos 25},
   UnboundVariable (UserName "Bool")),
  (SourcePos
     {sourceName = "<TODO>",
      sourceLine = Pos 3,
      sourceColumn = Pos 25},
   UnboundVariable (UserName "Bool"))],
 Let
   [ObjectConstant
      (Id {unId = 0})
      (TypeType (SUniVar (Global {unGlobal = 1}))),
    ObjectConstant (Id {unId = 1}) EElabError,
    ObjectConstant (Id {unId = 2}) EElabError]
   (GlobalVar (Id {unId = 1})))
}