((fromList
    [(Global {unGlobal = 0}, Just (TypeType Object)),
     (Global {unGlobal = 1},
      Just (FreeVar (Level {unLevel = 0}))),
     (Global {unGlobal = 2},
      Just (FreeVar (Level {unLevel = 0}))),
     (Global {unGlobal = 3}, Just UnitType)],
  fromList [],
  fromList
    [(Global {unGlobal = 1}, Global {unGlobal = 2}),
     (Global {unGlobal = 2}, Global {unGlobal = 1})],
  []),
 Let
   [ObjectConstant (Id {unId = 0}) (TypeType Object),
    ObjectConstant
      (Id {unId = 1}) (GlobalVar (Id {unId = 0})),
    ObjectConstant
      (Id {unId = 2}) (GlobalVar (Id {unId = 0})),
    Term
      (Id {unId = 6})
      (ObjectFunType
         (TypeType Object)
         (ObjectFunType
            (LocalVar (Index {unIndex = 0}))
            (LocalVar (Index {unIndex = 1}))))
      (ObjectFunIntro
         (ObjectFunIntro (LocalVar (Index {unIndex = 0})))),
    Term
      (Id {unId = 9})
      (GlobalVar (Id {unId = 0}))
      (ObjectFunElim
         (ObjectFunElim
            (GlobalVar (Id {unId = 6}))
            (GlobalVar (Id {unId = 0})))
         (GlobalVar (Id {unId = 1})))]
   (IOIntroPure UnitIntro))
