((fromList
    [(Global {unGlobal = 0}, Just UnitType),
     (Global {unGlobal = 1}, Just UnitType),
     (Global {unGlobal = 2},
      Just (IOType (UniVar (Global {unGlobal = 0})))),
     (Global {unGlobal = 3}, Nothing),
     (Global {unGlobal = 4}, Just UnitType),
     (Global {unGlobal = 5},
      Just (IOType (UniVar (Global {unGlobal = 3})))),
     (Global {unGlobal = 6}, Just UnitType)],
  fromList [],
  fromList [],
  []),
 Let
   [ObjTerm
      (Id {unId = 2})
      (IOType UnitType)
      (IOIntroBind
         (PutChar 'x')
         (ObjectFunIntro
            (IOIntroBind
               (PutChar 'y')
               (ObjectFunIntro (IOIntroPure UnitIntro)))))]
   (GlobalVar (Id {unId = 2})))
