ELAB ERRORS
[(SourcePos
    {sourceName = "<TODO>",
     sourceLine = Pos 2,
     sourceColumn = Pos 25},
  FailedUnify
    (TypeType (Object Ptr)) (TypeType (Object Erased))),
 (SourcePos
    {sourceName = "<TODO>",
     sourceLine = Pos 2,
     sourceColumn = Pos 25},
  FailedUnify
    (TypeType (Object Ptr)) (TypeType (Object Erased)))]
