((fromList
    [(UVGlobal 1000, Just (UVSol ((Rigid (TwoType))))),
     (UVGlobal 1001, Just (UVSol ((Rigid (TwoType))))),
     (UVGlobal 1002, Just (UVSol ((Rigid (TwoIntro0))))),
     (UVGlobal 1003, Just (UVSol ((Rigid (TwoType))))),
     (UVGlobal 1004, Just (UVSol ((Rigid (TwoType))))),
     (UVGlobal 1005, Nothing),
     (UVGlobal 1006, Just (UVSol ((Rigid (TwoType))))),
     (UVGlobal 1007, Just (UVSol ((Rigid (TwoType))))),
     (UVGlobal 1008, Just (UVSol ((Rigid (TwoType))))),
     (UVGlobal 1009, Just (UVSol ((Rigid (TwoType)))))],
  fromList [],
  fromList
    [(SourcePos
        {sourceName = "./test/bool_eq.per",
         sourceLine = Pos 5,
         sourceColumn = Pos 29},
      FailedUnify
        (Rigid
           (ObjIdType (Rigid TwoIntro0) (Rigid TwoIntro1)))
        (Rigid
           (ObjIdType
              (UniVar (UVGlobal 1005))
              (UniVar (UVGlobal 1005)))))]),
 Declare
   Obj
   (Rigid
      (RNameIntro (UserName "p") Obj (Id {unId = 0})))
   (Rigid
      (ObjIdType (Rigid TwoIntro0) (Rigid TwoIntro0)))
   (Declare
      Obj
      (Rigid
         (RNameIntro (UserName "q") Obj (Id {unId = 1})))
      (Rigid
         (ObjIdType (Rigid TwoIntro0) (Rigid TwoIntro1)))
      (Define
         (Rigid
            (RNameIntro (UserName "p") Obj (Id {unId = 0})))
         (Rigid (ObjIdIntro (Rigid TwoIntro0)))
         (Define
            (Rigid
               (RNameIntro (UserName "q") Obj (Id {unId = 1})))
            (Rigid (ObjIdIntro (UniVar (UVGlobal 1005))))
            (Rigid (TypeType Obj))))))
