((fromList
    [(UVGlobal 1000, Just (Rigid (TwoType))),
     (UVGlobal 1001, Just (Rigid (TwoType))),
     (UVGlobal 1002, Just (Rigid (TwoIntro0))),
     (UVGlobal 1003, Just (Rigid (TwoType))),
     (UVGlobal 1004, Just (Rigid (TwoType))),
     (UVGlobal 1005, Nothing)],
  fromList [],
  fromList
    [(SourcePos
        {sourceName = "<TODO>",
         sourceLine = Pos 5,
         sourceColumn = Pos 32},
      FailedUnify
        (Rigid
           (ObjIdType (Rigid (TwoIntro0)) (Rigid (TwoIntro1))))
        (Rigid
           (ObjIdType
              (Neutral _ (UniVar (UVGlobal 1005)))
              (Neutral _ (UniVar (UVGlobal 1005))))))]),
 Let
   (fromList
      [ObjTerm
         (Id {unId = 0})
         (Rigid
            (ObjIdType (Rigid TwoIntro0) (Rigid TwoIntro0)))
         (Rigid (ObjIdIntro (UniVar (UVGlobal 1002)))),
       ObjTerm
         (Id {unId = 1})
         (Rigid
            (ObjIdType (Rigid TwoIntro0) (Rigid TwoIntro1)))
         (Rigid (ObjIdIntro (UniVar (UVGlobal 1005))))])
   (Rigid (TypeType Obj)))
