test//c_compiler.per:43:18:
   |
43 | query CompileDecl(func(Int, "f", "x", Int, return(var("x"))), output)
   |                  ^
unexpected '('
expecting "/*", "axiom", "def", "metadef", "metavar", "output", "prop", "query", '_', alphanumeric character, carriage return, end of input, newline, space, or tab
