((fromList
    [(UVGlobal 1000, Just (Rigid (TypeType Obj)))],
  fromList [],
  fromList []),
 Declare
   Meta
   (Rigid (NameIntro Meta (Id {unId = 0})))
   (Rigid (CodeObjType (Rigid (TypeType Obj))))
   (Declare
      Obj
      (Rigid (NameIntro Obj (Id {unId = 1})))
      (Rigid (TypeType Obj))
      (Define
         (Rigid (NameIntro Meta (Id {unId = 0})))
         (Rigid (CodeObjIntro (Rigid (TypeType Obj))))
         (Define
            (Rigid (NameIntro Obj (Id {unId = 1})))
            (CodeObjElim
               (Rigid (CodeObjIntro (Rigid (TypeType Obj)))))
            (Rigid (TypeType Obj))))))
