((fromList
    [(UVGlobal 1000, Just (UVSol ((Rigid (TwoType))))),
     (UVGlobal 1001, Just (UVSol ((Rigid (TwoType))))),
     (UVGlobal 1002, Just (UVSol ((Rigid (TwoIntro0))))),
     (UVGlobal 1003, Just (UVSol ((Rigid (TwoType))))),
     (UVGlobal 1004, Just (UVSol ((Rigid (TwoType)))))],
  fromList [],
  fromList []),
 Declare
   Obj
   (Rigid
      (RNameIntro
         (UserName "<PLACEHOLDER>") Obj (Id {unId = 0})))
   (ObjFunType
      Explicit
      (Rigid TwoType)
      (TwoElim
         (LocalVar (Index {unIndex = 0}))
         (Rigid TwoType)
         (Rigid
            (ObjIdType (Rigid TwoIntro0) (Rigid TwoIntro0)))))
   (Define
      (Rigid
         (RNameIntro
            (UserName "<PLACEHOLDER>") Obj (Id {unId = 0})))
      (ObjFunIntro
         (TwoElim
            (LocalVar (Index {unIndex = 0}))
            (Rigid TwoIntro0)
            (Rigid (ObjIdIntro (Rigid TwoIntro0)))))
      (Rigid (TypeType Obj))))
