((fromList [(UVGlobal 1000, Just (Rigid (TwoType)))],
  fromList [],
  fromList []),
 Declare
   Obj
   (Rigid
      (RNameIntro
         (UserName "<PLACEHOLDER>") Obj (Id {unId = 0})))
   (ObjFunType
      Unification
      (Rigid (TypeType Obj))
      (ObjFunType
         Explicit
         (LocalVar (Index {unIndex = 0}))
         (LocalVar (Index {unIndex = 1}))))
   (Declare
      Obj
      (Rigid
         (RNameIntro
            (UserName "<PLACEHOLDER>") Obj (Id {unId = 1})))
      (Rigid TwoType)
      (Declare
         Obj
         (Rigid
            (RNameIntro
               (UserName "<PLACEHOLDER>") Obj (Id {unId = 2})))
         (Rigid TwoType)
         (Define
            (Rigid
               (RNameIntro
                  (UserName "<PLACEHOLDER>") Obj (Id {unId = 0})))
            (ObjFunIntro
               (ObjFunIntro (LocalVar (Index {unIndex = 0}))))
            (Define
               (Rigid
                  (RNameIntro
                     (UserName "<PLACEHOLDER>") Obj (Id {unId = 1})))
               (ObjFunElim
                  (ObjFunElim
                     (GlobalVar
                        (Rigid
                           (RNameIntro (UserName "id") Obj (Id {unId = 0}))))
                     (UniVar (UVGlobal 1000)))
                  (Rigid TwoIntro0))
               (Define
                  (Rigid
                     (RNameIntro
                        (UserName "<PLACEHOLDER>") Obj (Id {unId = 2})))
                  (ObjFunElim
                     (ObjFunElim
                        (GlobalVar
                           (Rigid
                              (RNameIntro (UserName "id") Obj (Id {unId = 0}))))
                        (Rigid TwoType))
                     (Rigid TwoIntro0))
                  (Rigid (TypeType Obj))))))))
