((fromList
    [(UVGlobal 1000,
      Just (UVSol ((Rigid (TypeType Meta))))),
     (UVGlobal 1001,
      Just (UVSol ((Rigid (TypeType Meta))))),
     (UVGlobal 1002,
      Just (UVSol ((Rigid (TypeType Meta))))),
     (UVGlobal 1003,
      Just
        (UVSol
           ((Neutral
               _
               (MetaFunElim
                  (Neutral
                     _
                     (GlobalVar
                        (Rigid
                           (RNameIntro (UserName "List") Meta (Id {unId = 0})))
                        False))
                  (Neutral _ (UniVar (UVGlobal 1005)))))))),
     (UVGlobal 1004,
      Just (UVSol ((Rigid (TypeType Meta))))),
     (UVGlobal 1005, Nothing),
     (UVGlobal 1006,
      Just (UVSol ((Rigid (TypeType Meta))))),
     (UVGlobal 1007, Nothing),
     (UVGlobal 1008,
      Just
        (UVSol
           ((Neutral
               _
               (MetaFunElim
                  (Neutral
                     _
                     (GlobalVar
                        (Rigid
                           (RNameIntro (UserName "List") Meta (Id {unId = 0})))
                        False))
                  (Neutral _ (UniVar (UVGlobal 1013)))))))),
     (UVGlobal 1009, Nothing),
     (UVGlobal 1010,
      Just
        (UVSol
           ((Neutral
               _
               (MetaFunElim
                  (Neutral
                     _
                     (GlobalVar
                        (Rigid
                           (RNameIntro (UserName "List") Meta (Id {unId = 0})))
                        False))
                  (Neutral _ (UniVar (UVGlobal 1013)))))))),
     (UVGlobal 1011,
      Just
        (UVSol
           ((Neutral
               _
               (MetaFunElim
                  (Neutral
                     _
                     (GlobalVar
                        (Rigid
                           (RNameIntro (UserName "List") Meta (Id {unId = 0})))
                        False))
                  (Neutral _ (UniVar (UVGlobal 1013)))))))),
     (UVGlobal 1012,
      Just (UVSol ((Rigid (TypeType Meta))))),
     (UVGlobal 1013, Nothing),
     (UVGlobal 1014, Nothing),
     (UVGlobal 1015,
      Just (UVSol ((Rigid (TypeType Meta))))),
     (UVGlobal 1016, Nothing),
     (UVGlobal 1017, Nothing),
     (UVGlobal 1018,
      Just (UVSol ((Rigid (TypeType Meta))))),
     (UVGlobal 1019,
      Just
        (UVSol
           ((Neutral
               _
               (GlobalVar
                  (Rigid
                     (RNameIntro (UserName "Unit") Meta (Id {unId = 6})))
                  False))))),
     (UVGlobal 1020,
      Just (UVSol ((Rigid (TypeType Meta))))),
     (UVGlobal 1021, Nothing),
     (UVGlobal 1022, Nothing),
     (UVGlobal 1023,
      Just (UVSol ((Rigid (TypeType Meta))))),
     (UVGlobal 1024,
      Just
        (UVSol
           ((Neutral
               _
               (MetaFunElim
                  (Neutral
                     _
                     (GlobalVar
                        (Rigid
                           (RNameIntro (UserName "List") Meta (Id {unId = 0})))
                        False))
                  (Neutral _ (UniVar (UVGlobal 1028)))))))),
     (UVGlobal 1025, Nothing),
     (UVGlobal 1026,
      Just
        (UVSol
           ((Neutral
               _
               (MetaFunElim
                  (Neutral
                     _
                     (GlobalVar
                        (Rigid
                           (RNameIntro (UserName "List") Meta (Id {unId = 0})))
                        False))
                  (Neutral _ (UniVar (UVGlobal 1028)))))))),
     (UVGlobal 1027,
      Just
        (UVSol
           ((Neutral
               _
               (MetaFunElim
                  (Neutral
                     _
                     (GlobalVar
                        (Rigid
                           (RNameIntro (UserName "List") Meta (Id {unId = 0})))
                        False))
                  (Neutral _ (UniVar (UVGlobal 1028)))))))),
     (UVGlobal 1028, Nothing),
     (UVGlobal 1029, Nothing),
     (UVGlobal 1030,
      Just (UVSol ((Rigid (TypeType Meta))))),
     (UVGlobal 1031, Nothing),
     (UVGlobal 1032, Nothing),
     (UVGlobal 1033,
      Just
        (UVSol
           ((Neutral
               _
               (MetaFunElim
                  (Neutral
                     _
                     (GlobalVar
                        (Rigid
                           (RNameIntro (UserName "List") Meta (Id {unId = 0})))
                        False))
                  (Neutral _ (UniVar (UVGlobal 1034)))))))),
     (UVGlobal 1034,
      Just
        (UVSol
           ((Neutral
               _
               (GlobalVar
                  (Rigid
                     (RNameIntro (UserName "Unit") Meta (Id {unId = 6})))
                  False))))),
     (UVGlobal 1035,
      Just (UVSol ((Rigid (TypeType Meta))))),
     (UVGlobal 1036,
      Just
        (UVSol
           ((Neutral
               _
               (GlobalVar
                  (Rigid
                     (RNameIntro (UserName "Unit") Meta (Id {unId = 6})))
                  False))))),
     (UVGlobal 1037,
      Just (UVSol ((Rigid (TypeType Meta))))),
     (UVGlobal 1038,
      Just (UVSol ((Rigid (TypeType Meta))))),
     (UVGlobal 2014,
      Just (UVSol ((Rigid (TypeType Meta))))),
     (UVGlobal 2015,
      Just (UVSol ((Rigid (TypeType Meta))))),
     (UVGlobal 2016,
      Just (UVSol ((Rigid (TypeType Meta))))),
     (UVGlobal 2017,
      Just
        (UVSol
           ((Neutral
               _
               (MetaFunElim
                  (Neutral
                     _
                     (GlobalVar
                        (Rigid
                           (RNameIntro (UserName "List") Meta (Id {unId = 0})))
                        False))
                  (Neutral _ (UniVar (UVGlobal 2018)))))))),
     (UVGlobal 2018, Nothing),
     (UVGlobal 2019, Nothing),
     (UVGlobal 2020,
      Just
        (UVSol
           ((Neutral
               _
               (MetaFunElim
                  (Neutral
                     _
                     (GlobalVar
                        (Rigid
                           (RNameIntro (UserName "List") Meta (Id {unId = 0})))
                        False))
                  (Neutral _ (UniVar (UVGlobal 2024)))))))),
     (UVGlobal 2021, Nothing),
     (UVGlobal 2022,
      Just
        (UVSol
           ((Neutral
               _
               (MetaFunElim
                  (Neutral
                     _
                     (GlobalVar
                        (Rigid
                           (RNameIntro (UserName "List") Meta (Id {unId = 0})))
                        False))
                  (Neutral _ (UniVar (UVGlobal 2024)))))))),
     (UVGlobal 2023,
      Just
        (UVSol
           ((Neutral
               _
               (MetaFunElim
                  (Neutral
                     _
                     (GlobalVar
                        (Rigid
                           (RNameIntro (UserName "List") Meta (Id {unId = 0})))
                        False))
                  (Neutral _ (UniVar (UVGlobal 2024)))))))),
     (UVGlobal 2024, Nothing),
     (UVGlobal 2025, Nothing),
     (UVGlobal 2026, Nothing),
     (UVGlobal 2027, Nothing),
     (UVGlobal 2028,
      Just
        (UVSol
           ((Neutral
               _
               (GlobalVar
                  (Rigid
                     (RNameIntro (UserName "Unit") Meta (Id {unId = 6})))
                  False))))),
     (UVGlobal 2029, Nothing),
     (UVGlobal 2030, Nothing),
     (LVGlobal 2009,
      Just
        (UVSol
           ((Neutral
               _
               (MetaFunElim
                  (Neutral
                     _
                     (GlobalVar
                        (Rigid
                           (RNameIntro (UserName "nil") Meta (Id {unId = 1})))
                        False))
                  (Neutral _ (UniVar (UVGlobal 1022))))))))],
  fromList
    [(UVGlobal 8, LVGlobal 2009),
     (UVGlobal 1005, UVGlobal 1005),
     (UVGlobal 1007, UVGlobal 1005),
     (UVGlobal 1009, UVGlobal 1017),
     (UVGlobal 1013, UVGlobal 1017),
     (UVGlobal 1014, UVGlobal 1017),
     (UVGlobal 1016, UVGlobal 1014),
     (UVGlobal 1017, UVGlobal 1014),
     (UVGlobal 1019, UVGlobal 1022),
     (UVGlobal 1021, UVGlobal 1019),
     (UVGlobal 1022, UVGlobal 1019),
     (UVGlobal 1025, UVGlobal 1032),
     (UVGlobal 1028, UVGlobal 1032),
     (UVGlobal 1029, UVGlobal 1032),
     (UVGlobal 1031, UVGlobal 1029),
     (UVGlobal 1032, UVGlobal 1029),
     (UVGlobal 1034, UVGlobal 1034),
     (UVGlobal 1036, UVGlobal 1034),
     (UVGlobal 2018, UVGlobal 2018),
     (UVGlobal 2019, UVGlobal 2018),
     (UVGlobal 2021, UVGlobal 2027),
     (UVGlobal 2024, UVGlobal 2027),
     (UVGlobal 2025, UVGlobal 2027),
     (UVGlobal 2026, UVGlobal 2025),
     (UVGlobal 2027, UVGlobal 2025),
     (UVGlobal 2028, UVGlobal 2030),
     (UVGlobal 2029, UVGlobal 2028),
     (UVGlobal 2030, UVGlobal 2028),
     (LVGlobal 2009, UVGlobal 8)],
  fromList []),
 Declare
   Meta
   (Rigid
      (RNameIntro (UserName "List") Meta (Id {unId = 0})))
   (MetaFunType
      Explicit
      (Rigid (TypeType Meta))
      (Rigid (TypeType Meta)))
   (Declare
      Meta
      (Rigid
         (RNameIntro (UserName "Unit") Meta (Id {unId = 6})))
      (Rigid (TypeType Meta))
      (Define
         (Rigid
            (RNameIntro (UserName "List") Meta (Id {unId = 0})))
         (Rigid (MetaConstIntro (Id {unId = 0})))
         (Define
            (Rigid
               (RNameIntro (UserName "Unit") Meta (Id {unId = 6})))
            (Rigid (MetaConstIntro (Id {unId = 6})))
            (Declare
               Meta
               (Rigid
                  (RNameIntro (UserName "nil") Meta (Id {unId = 1})))
               (MetaFunType
                  Unification
                  (Rigid (TypeType Meta))
                  (MetaFunElim
                     (GlobalVar
                        (Rigid
                           (RNameIntro (UserName "List") Meta (Id {unId = 0})))
                        False)
                     (LocalVar (Index {unIndex = 0}))))
               (Declare
                  Meta
                  (Rigid
                     (RNameIntro (UserName "cons") Meta (Id {unId = 2})))
                  (MetaFunType
                     Unification
                     (Rigid (TypeType Meta))
                     (MetaFunType
                        Explicit
                        (LocalVar (Index {unIndex = 0}))
                        (MetaFunType
                           Explicit
                           (MetaFunElim
                              (GlobalVar
                                 (Rigid
                                    (RNameIntro
                                       (UserName "List") Meta (Id {unId = 0})))
                                 False)
                              (LocalVar (Index {unIndex = 1})))
                           (MetaFunElim
                              (GlobalVar
                                 (Rigid
                                    (RNameIntro
                                       (UserName "List") Meta (Id {unId = 0})))
                                 False)
                              (LocalVar (Index {unIndex = 2}))))))
                  (Declare
                     Meta
                     (Rigid
                        (RNameIntro
                           (UserName "Append") Meta (Id {unId = 3})))
                     (MetaFunType
                        Unification
                        (Rigid (TypeType Meta))
                        (MetaFunType
                           Explicit
                           (MetaFunElim
                              (GlobalVar
                                 (Rigid
                                    (RNameIntro
                                       (UserName "List") Meta (Id {unId = 0})))
                                 False)
                              (LocalVar (Index {unIndex = 0})))
                           (MetaFunType
                              Explicit
                              (MetaFunElim
                                 (GlobalVar
                                    (Rigid
                                       (RNameIntro
                                          (UserName "List")
                                          Meta
                                          (Id {unId = 0})))
                                    False)
                                 (LocalVar (Index {unIndex = 1})))
                              (MetaFunType
                                 Explicit
                                 (MetaFunElim
                                    (GlobalVar
                                       (Rigid
                                          (RNameIntro
                                             (UserName "List")
                                             Meta
                                             (Id {unId = 0})))
                                       False)
                                    (LocalVar (Index {unIndex = 2})))
                                 (Rigid (TypeType Meta))))))
                     (Declare
                        Meta
                        (Rigid
                           (RNameIntro (UserName "unit") Meta (Id {unId = 7})))
                        (GlobalVar
                           (Rigid
                              (RNameIntro
                                 (UserName "Unit") Meta (Id {unId = 6})))
                           False)
                        (Declare
                           Meta
                           (Rigid
                              (RNameIntro (UserName "xs") Meta (Id {unId = 8})))
                           (MetaFunElim
                              (GlobalVar
                                 (Rigid
                                    (RNameIntro
                                       (UserName "List") Meta (Id {unId = 0})))
                                 False)
                              (GlobalVar
                                 (Rigid
                                    (RNameIntro
                                       (UserName "Unit") Meta (Id {unId = 6})))
                                 False))
                           (Define
                              (Rigid
                                 (RNameIntro
                                    (UserName "nil") Meta (Id {unId = 1})))
                              (Rigid (MetaConstIntro (Id {unId = 1})))
                              (Define
                                 (Rigid
                                    (RNameIntro
                                       (UserName "cons") Meta (Id {unId = 2})))
                                 (Rigid (MetaConstIntro (Id {unId = 2})))
                                 (Define
                                    (Rigid
                                       (RNameIntro
                                          (UserName "Append")
                                          Meta
                                          (Id {unId = 3})))
                                    (Rigid (MetaConstIntro (Id {unId = 3})))
                                    (Define
                                       (Rigid
                                          (RNameIntro
                                             (UserName "unit")
                                             Meta
                                             (Id {unId = 7})))
                                       (Rigid (MetaConstIntro (Id {unId = 7})))
                                       (Define
                                          (Rigid
                                             (RNameIntro
                                                (UserName "xs")
                                                Meta
                                                (Id {unId = 8})))
                                          (UniVar (UVGlobal 8))
                                          (Declare
                                             Meta
                                             (Rigid
                                                (RNameIntro
                                                   (UserName "append_nil")
                                                   Meta
                                                   (Id {unId = 4})))
                                             (MetaFunType
                                                Unification
                                                (MetaFunElim
                                                   (GlobalVar
                                                      (Rigid
                                                         (RNameIntro
                                                            (UserName "List")
                                                            Meta
                                                            (Id {unId = 0})))
                                                      False)
                                                   (UniVar (UVGlobal 2018)))
                                                (MetaFunElim
                                                   (MetaFunElim
                                                      (MetaFunElim
                                                         (MetaFunElim
                                                            (GlobalVar
                                                               (Rigid
                                                                  (RNameIntro
                                                                     (UserName
                                                                        "Append")
                                                                     Meta
                                                                     (Id
                                                                        {unId =
                                                                           3})))
                                                               False)
                                                            (UniVar
                                                               (UVGlobal 2018)))
                                                         (MetaFunElim
                                                            (GlobalVar
                                                               (Rigid
                                                                  (RNameIntro
                                                                     (UserName
                                                                        "nil")
                                                                     Meta
                                                                     (Id
                                                                        {unId =
                                                                           1})))
                                                               False)
                                                            (UniVar
                                                               (UVGlobal
                                                                  2019))))
                                                      (LocalVar
                                                         (Index {unIndex = 0})))
                                                   (LocalVar
                                                      (Index {unIndex = 0}))))
                                             (Declare
                                                Meta
                                                (Rigid
                                                   (RNameIntro
                                                      (UserName "append_cons")
                                                      Meta
                                                      (Id {unId = 5})))
                                                (MetaFunType
                                                   Unification
                                                   (MetaFunElim
                                                      (GlobalVar
                                                         (Rigid
                                                            (RNameIntro
                                                               (UserName "List")
                                                               Meta
                                                               (Id {unId = 0})))
                                                         False)
                                                      (UniVar (UVGlobal 2024)))
                                                   (MetaFunType
                                                      Unification
                                                      (MetaFunElim
                                                         (GlobalVar
                                                            (Rigid
                                                               (RNameIntro
                                                                  (UserName
                                                                     "List")
                                                                  Meta
                                                                  (Id
                                                                     {unId =
                                                                        0})))
                                                            False)
                                                         (UniVar
                                                            (UVGlobal 2024)))
                                                      (MetaFunType
                                                         Unification
                                                         (UniVar
                                                            (UVGlobal 2021))
                                                         (MetaFunType
                                                            Unification
                                                            (MetaFunElim
                                                               (GlobalVar
                                                                  (Rigid
                                                                     (RNameIntro
                                                                        (UserName
                                                                           "List")
                                                                        Meta
                                                                        (Id
                                                                           {unId =
                                                                              0})))
                                                                  False)
                                                               (UniVar
                                                                  (UVGlobal
                                                                     2024)))
                                                            (Rigid
                                                               (ImplType
                                                                  (MetaFunElim
                                                                     (MetaFunElim
                                                                        (MetaFunElim
                                                                           (MetaFunElim
                                                                              (GlobalVar
                                                                                 (Rigid
                                                                                    (RNameIntro
                                                                                       (UserName
                                                                                          "Append")
                                                                                       Meta
                                                                                       (Id
                                                                                          {unId =
                                                                                             3})))
                                                                                 False)
                                                                              (UniVar
                                                                                 (UVGlobal
                                                                                    2024)))
                                                                           (LocalVar
                                                                              (Index
                                                                                 {unIndex =
                                                                                    1})))
                                                                        (LocalVar
                                                                           (Index
                                                                              {unIndex =
                                                                                 0})))
                                                                     (LocalVar
                                                                        (Index
                                                                           {unIndex =
                                                                              3})))
                                                                  (MetaFunElim
                                                                     (MetaFunElim
                                                                        (MetaFunElim
                                                                           (MetaFunElim
                                                                              (GlobalVar
                                                                                 (Rigid
                                                                                    (RNameIntro
                                                                                       (UserName
                                                                                          "Append")
                                                                                       Meta
                                                                                       (Id
                                                                                          {unId =
                                                                                             3})))
                                                                                 False)
                                                                              (UniVar
                                                                                 (UVGlobal
                                                                                    2025)))
                                                                           (MetaFunElim
                                                                              (MetaFunElim
                                                                                 (MetaFunElim
                                                                                    (GlobalVar
                                                                                       (Rigid
                                                                                          (RNameIntro
                                                                                             (UserName
                                                                                                "cons")
                                                                                             Meta
                                                                                             (Id
                                                                                                {unId =
                                                                                                   2})))
                                                                                       False)
                                                                                    (UniVar
                                                                                       (UVGlobal
                                                                                          2026)))
                                                                                 (LocalVar
                                                                                    (Index
                                                                                       {unIndex =
                                                                                          2})))
                                                                              (LocalVar
                                                                                 (Index
                                                                                    {unIndex =
                                                                                       1}))))
                                                                        (LocalVar
                                                                           (Index
                                                                              {unIndex =
                                                                                 0})))
                                                                     (MetaFunElim
                                                                        (MetaFunElim
                                                                           (MetaFunElim
                                                                              (GlobalVar
                                                                                 (Rigid
                                                                                    (RNameIntro
                                                                                       (UserName
                                                                                          "cons")
                                                                                       Meta
                                                                                       (Id
                                                                                          {unId =
                                                                                             2})))
                                                                                 False)
                                                                              (UniVar
                                                                                 (UVGlobal
                                                                                    2027)))
                                                                           (LocalVar
                                                                              (Index
                                                                                 {unIndex =
                                                                                    2})))
                                                                        (LocalVar
                                                                           (Index
                                                                              {unIndex =
                                                                                 3}))))))))))
                                                (Declare
                                                   Meta
                                                   (Rigid
                                                      (RNameIntro
                                                         (MachineName 9)
                                                         Meta
                                                         (Id {unId = 9})))
                                                   (MetaFunElim
                                                      (MetaFunElim
                                                         (MetaFunElim
                                                            (MetaFunElim
                                                               (GlobalVar
                                                                  (Rigid
                                                                     (RNameIntro
                                                                        (UserName
                                                                           "Append")
                                                                        Meta
                                                                        (Id
                                                                           {unId =
                                                                              3})))
                                                                  False)
                                                               (GlobalVar
                                                                  (Rigid
                                                                     (RNameIntro
                                                                        (UserName
                                                                           "Unit")
                                                                        Meta
                                                                        (Id
                                                                           {unId =
                                                                              6})))
                                                                  False))
                                                            (MetaFunElim
                                                               (GlobalVar
                                                                  (Rigid
                                                                     (RNameIntro
                                                                        (UserName
                                                                           "nil")
                                                                        Meta
                                                                        (Id
                                                                           {unId =
                                                                              1})))
                                                                  False)
                                                               (UniVar
                                                                  (UVGlobal
                                                                     2029))))
                                                         (MetaFunElim
                                                            (GlobalVar
                                                               (Rigid
                                                                  (RNameIntro
                                                                     (UserName
                                                                        "nil")
                                                                     Meta
                                                                     (Id
                                                                        {unId =
                                                                           1})))
                                                               False)
                                                            (UniVar
                                                               (UVGlobal
                                                                  2030))))
                                                      (GlobalVar
                                                         (Rigid
                                                            (RNameIntro
                                                               (UserName "xs")
                                                               Meta
                                                               (Id {unId = 8})))
                                                         True))
                                                   (Define
                                                      (Rigid
                                                         (RNameIntro
                                                            (UserName
                                                               "append_nil")
                                                            Meta
                                                            (Id {unId = 4})))
                                                      (Rigid
                                                         (MetaConstIntro
                                                            (Id {unId = 4})))
                                                      (Define
                                                         (Rigid
                                                            (RNameIntro
                                                               (UserName
                                                                  "append_cons")
                                                               Meta
                                                               (Id {unId = 5})))
                                                         (Rigid
                                                            (MetaConstIntro
                                                               (Id {unId = 5})))
                                                         (Define
                                                            (Rigid
                                                               (RNameIntro
                                                                  (MachineName
                                                                     9)
                                                                  Meta
                                                                  (Id
                                                                     {unId =
                                                                        9})))
                                                            (Rigid
                                                               (MetaConstIntro
                                                                  (Id
                                                                     {unId =
                                                                        9})))
                                                            (Rigid
                                                               (TypeType
                                                                  Obj))))))))))))))))))))))
