((fromList
    [(UVGlobal 8,
      Just
        (Neutral
           _
           (MetaFunElim
              (Neutral _ (GlobalVar (Id {unId = 1})))
              (Neutral _ (UniVar (LVGlobal 2000)))))),
     (UVGlobal 1000, Nothing),
     (UVGlobal 1001, Just (Rigid (TypeType Meta))),
     (UVGlobal 1002, Just (Rigid (TypeType Meta))),
     (UVGlobal 1003, Nothing),
     (UVGlobal 1004,
      Just
        (Neutral
           _
           (MetaFunElim
              (Neutral _ (GlobalVar (Id {unId = 0})))
              (LocalVar Level {unLevel = 0})))),
     (UVGlobal 1005, Just (Rigid (TypeType Meta))),
     (UVGlobal 1006, Nothing),
     (UVGlobal 1007, Just (Rigid (TypeType Meta))),
     (UVGlobal 1008, Just (Rigid (TypeType Meta))),
     (UVGlobal 1009, Nothing),
     (UVGlobal 1010, Just (LocalVar Level {unLevel = 0})),
     (UVGlobal 1011, Just (Rigid (TypeType Meta))),
     (UVGlobal 1012, Nothing),
     (UVGlobal 1013,
      Just
        (Neutral
           _
           (MetaFunElim
              (Neutral _ (GlobalVar (Id {unId = 0})))
              (LocalVar Level {unLevel = 0})))),
     (UVGlobal 1014, Just (Rigid (TypeType Meta))),
     (UVGlobal 1015, Nothing),
     (UVGlobal 1016,
      Just
        (Neutral
           _
           (MetaFunElim
              (Neutral _ (GlobalVar (Id {unId = 0})))
              (LocalVar Level {unLevel = 0})))),
     (UVGlobal 1017, Just (Rigid (TypeType Meta))),
     (UVGlobal 1018, Nothing),
     (UVGlobal 1019,
      Just
        (Neutral
           _
           (MetaFunElim
              (Neutral _ (GlobalVar (Id {unId = 0})))
              (LocalVar Level {unLevel = 0})))),
     (UVGlobal 1020, Just (Rigid (TypeType Meta))),
     (UVGlobal 1021, Nothing),
     (UVGlobal 1022, Just (Rigid (TypeType Meta))),
     (UVGlobal 1023, Just (Rigid (TypeType Meta))),
     (UVGlobal 1024, Nothing),
     (UVGlobal 1025, Just (LocalVar Level {unLevel = 0})),
     (UVGlobal 1026, Just (Rigid (TypeType Meta))),
     (UVGlobal 1027, Nothing),
     (UVGlobal 1028,
      Just
        (Neutral
           _
           (MetaFunElim
              (Neutral _ (GlobalVar (Id {unId = 0})))
              (LocalVar Level {unLevel = 0})))),
     (UVGlobal 1029, Just (Rigid (TypeType Meta))),
     (UVGlobal 1030, Nothing),
     (UVGlobal 1031,
      Just
        (Neutral
           _
           (MetaFunElim
              (Neutral _ (GlobalVar (Id {unId = 0})))
              (LocalVar Level {unLevel = 0})))),
     (UVGlobal 1032, Just (Rigid (TypeType Meta))),
     (UVGlobal 1033, Nothing),
     (UVGlobal 1034,
      Just
        (Neutral
           _
           (MetaFunElim
              (Neutral _ (GlobalVar (Id {unId = 0})))
              (LocalVar Level {unLevel = 0})))),
     (UVGlobal 1035, Just (Rigid (TypeType Meta))),
     (UVGlobal 1036, Nothing),
     (UVGlobal 1037, Just (Rigid (TypeType Meta))),
     (UVGlobal 1038, Just (Rigid (TypeType Meta))),
     (UVGlobal 1039, Nothing),
     (UVGlobal 1040,
      Just
        (Neutral
           _
           (MetaFunElim
              (Neutral _ (GlobalVar (Id {unId = 0})))
              (LocalVar Level {unLevel = 0})))),
     (UVGlobal 1041, Just (Rigid (TypeType Meta))),
     (LVGlobal 2000,
      Just (Neutral _ (GlobalVar (Id {unId = 6})))),
     (LVGlobal 2001,
      Just
        (Neutral
           _
           (MetaFunElim
              (Neutral _ (GlobalVar (Id {unId = 1})))
              (Neutral _ (GlobalVar (Id {unId = 6}))))))],
  fromList
    [(UVGlobal 1000, UVGlobal 1001),
     (UVGlobal 1001, UVGlobal 1000),
     (UVGlobal 1003, UVGlobal 1004),
     (UVGlobal 1004, UVGlobal 1003),
     (UVGlobal 1006, UVGlobal 1007),
     (UVGlobal 1007, UVGlobal 1006),
     (UVGlobal 1009, UVGlobal 1010),
     (UVGlobal 1010, UVGlobal 1009),
     (UVGlobal 1012, UVGlobal 1013),
     (UVGlobal 1013, UVGlobal 1012),
     (UVGlobal 1015, UVGlobal 1016),
     (UVGlobal 1016, UVGlobal 1015),
     (UVGlobal 1018, UVGlobal 1019),
     (UVGlobal 1019, UVGlobal 1018),
     (UVGlobal 1021, UVGlobal 1022),
     (UVGlobal 1022, UVGlobal 1021),
     (UVGlobal 1024, UVGlobal 1025),
     (UVGlobal 1025, UVGlobal 1024),
     (UVGlobal 1027, UVGlobal 1028),
     (UVGlobal 1028, UVGlobal 1027),
     (UVGlobal 1030, UVGlobal 1031),
     (UVGlobal 1031, UVGlobal 1030),
     (UVGlobal 1033, UVGlobal 1034),
     (UVGlobal 1034, UVGlobal 1033),
     (UVGlobal 1036, UVGlobal 1037),
     (UVGlobal 1037, UVGlobal 1036),
     (UVGlobal 1039, UVGlobal 1040),
     (UVGlobal 1040, UVGlobal 1039)],
  fromList []),
 Let
   (fromList
      [MetaConst
         (Id {unId = 0})
         (MetaFunType
            Explicit
            (Rigid (TypeType Meta))
            (Rigid (TypeType Meta))),
       MetaConst
         (Id {unId = 1})
         (MetaFunType
            Explicit
            (Rigid (TypeType Meta))
            (MetaFunElim
               (GlobalVar (Id {unId = 0}))
               (LocalVar (Index {unIndex = 0})))),
       MetaConst
         (Id {unId = 2})
         (MetaFunType
            Explicit
            (Rigid (TypeType Meta))
            (MetaFunType
               Explicit
               (LocalVar (Index {unIndex = 0}))
               (MetaFunType
                  Explicit
                  (MetaFunElim
                     (GlobalVar (Id {unId = 0}))
                     (LocalVar (Index {unIndex = 1})))
                  (MetaFunElim
                     (GlobalVar (Id {unId = 0}))
                     (LocalVar (Index {unIndex = 2})))))),
       MetaConst
         (Id {unId = 3})
         (MetaFunType
            Explicit
            (Rigid (TypeType Meta))
            (MetaFunType
               Explicit
               (MetaFunElim
                  (GlobalVar (Id {unId = 0}))
                  (LocalVar (Index {unIndex = 0})))
               (MetaFunType
                  Explicit
                  (MetaFunElim
                     (GlobalVar (Id {unId = 0}))
                     (LocalVar (Index {unIndex = 1})))
                  (MetaFunType
                     Explicit
                     (MetaFunElim
                        (GlobalVar (Id {unId = 0}))
                        (LocalVar (Index {unIndex = 2})))
                     (Rigid (TypeType Meta)))))),
       MetaConst
         (Id {unId = 4})
         (Rigid
            (AllType
               (MetaFunIntro
                  (Rigid
                     (AllType
                        (MetaFunIntro
                           (MetaFunElim
                              (MetaFunElim
                                 (MetaFunElim
                                    (MetaFunElim
                                       (GlobalVar (Id {unId = 3}))
                                       (LocalVar (Index {unIndex = 1})))
                                    (LocalVar (Index {unIndex = 0})))
                                 (MetaFunElim
                                    (GlobalVar (Id {unId = 1}))
                                    (LocalVar (Index {unIndex = 1}))))
                              (MetaFunElim
                                 (GlobalVar (Id {unId = 1}))
                                 (LocalVar (Index {unIndex = 1})))))))))),
       MetaConst
         (Id {unId = 5})
         (Rigid
            (AllType
               (MetaFunIntro
                  (Rigid
                     (AllType
                        (MetaFunIntro
                           (Rigid
                              (AllType
                                 (MetaFunIntro
                                    (Rigid
                                       (AllType
                                          (MetaFunIntro
                                             (Rigid
                                                (AllType
                                                   (MetaFunIntro
                                                      (Rigid
                                                         (ImplType
                                                            (MetaFunElim
                                                               (MetaFunElim
                                                                  (MetaFunElim
                                                                     (MetaFunElim
                                                                        (GlobalVar
                                                                           (Id
                                                                              {unId =
                                                                                 3}))
                                                                        (LocalVar
                                                                           (Index
                                                                              {unIndex =
                                                                                 4})))
                                                                     (LocalVar
                                                                        (Index
                                                                           {unIndex =
                                                                              2})))
                                                                  (LocalVar
                                                                     (Index
                                                                        {unIndex =
                                                                           1})))
                                                               (LocalVar
                                                                  (Index
                                                                     {unIndex =
                                                                        0})))
                                                            (MetaFunElim
                                                               (MetaFunElim
                                                                  (MetaFunElim
                                                                     (MetaFunElim
                                                                        (GlobalVar
                                                                           (Id
                                                                              {unId =
                                                                                 3}))
                                                                        (LocalVar
                                                                           (Index
                                                                              {unIndex =
                                                                                 4})))
                                                                     (MetaFunElim
                                                                        (MetaFunElim
                                                                           (MetaFunElim
                                                                              (GlobalVar
                                                                                 (Id
                                                                                    {unId =
                                                                                       2}))
                                                                              (LocalVar
                                                                                 (Index
                                                                                    {unIndex =
                                                                                       4})))
                                                                           (LocalVar
                                                                              (Index
                                                                                 {unIndex =
                                                                                    3})))
                                                                        (LocalVar
                                                                           (Index
                                                                              {unIndex =
                                                                                 2}))))
                                                                  (LocalVar
                                                                     (Index
                                                                        {unIndex =
                                                                           1})))
                                                               (MetaFunElim
                                                                  (MetaFunElim
                                                                     (MetaFunElim
                                                                        (GlobalVar
                                                                           (Id
                                                                              {unId =
                                                                                 2}))
                                                                        (LocalVar
                                                                           (Index
                                                                              {unIndex =
                                                                                 4})))
                                                                     (LocalVar
                                                                        (Index
                                                                           {unIndex =
                                                                              3})))
                                                                  (LocalVar
                                                                     (Index
                                                                        {unIndex =
                                                                           0}))))))))))))))))))))),
       MetaConst (Id {unId = 6}) (Rigid (TypeType Meta)),
       MetaConst
         (Id {unId = 7}) (GlobalVar (Id {unId = 6})),
       MetaTerm
         (Id {unId = 8})
         (MetaFunElim
            (GlobalVar (Id {unId = 0}))
            (GlobalVar (Id {unId = 6})))
         (UniVar (UVGlobal 8)),
       MetaConst
         (Id {unId = 9})
         (MetaFunElim
            (MetaFunElim
               (MetaFunElim
                  (MetaFunElim
                     (GlobalVar (Id {unId = 3}))
                     (GlobalVar (Id {unId = 6})))
                  (MetaFunElim
                     (GlobalVar (Id {unId = 1}))
                     (GlobalVar (Id {unId = 6}))))
               (MetaFunElim
                  (GlobalVar (Id {unId = 1}))
                  (GlobalVar (Id {unId = 6}))))
            (GlobalVar (Id {unId = 8})))])
   (Rigid (TypeType Obj)))
