((fromList
    [(UVGlobal 1000,
      Just
        (UVSol
           ((Neutral
               _
               (GlobalVar
                  (Rigid
                     (RNameIntro (UserName "Nat") Obj (Id {unId = 0})))
                  False))))),
     (UVGlobal 1001,
      Just
        (UVSol
           ((RecType
               fromList
               [(Field {unField = "tag"},
                 Clo
                   fromList
                   [(LocalVar Level {unLevel = 0})]
                   (UniVar (UVGlobal 1002))),
                (Field {unField = "data"},
                 Clo
                   fromList
                   [(LocalVar Level {unLevel = 1}),
                    (LocalVar Level {unLevel = 0})]
                   (UniVar (UVGlobal 1003)))])))),
     (UVGlobal 1002, Just (UVSol ((Rigid (TwoType))))),
     (UVGlobal 1003,
      Just
        (UVSol
           ((Neutral
               _
               (TwoElim
                  (LocalVar Level {unLevel = 0})
                  (RecType fromList [])
                  (Neutral
                     _
                     (GlobalVar
                        (Rigid
                           (RNameIntro (UserName "Nat") Obj (Id {unId = 0})))
                        False))))))),
     (UVGlobal 1004,
      Just
        (UVSol
           ((Neutral
               _
               (GlobalVar
                  (Rigid
                     (RNameIntro (UserName "Nat") Obj (Id {unId = 0})))
                  False))))),
     (UVGlobal 1005,
      Just
        (UVSol
           ((Neutral
               _
               (GlobalVar
                  (Rigid
                     (RNameIntro (UserName "Nat") Obj (Id {unId = 0})))
                  False))))),
     (UVGlobal 1006, Nothing)],
  fromList
    [(UVGlobal 1000, UVGlobal 1003),
     (UVGlobal 1003, UVGlobal 1000),
     (UVGlobal 1005, UVGlobal 1006),
     (UVGlobal 1006, UVGlobal 1005)],
  fromList
    [(SourcePos
        {sourceName = "<TODO>",
         sourceLine = Pos 40,
         sourceColumn = Pos 13},
      ExpectedRecordType (UniVar (UVGlobal 1004))),
     (SourcePos
        {sourceName = "<TODO>",
         sourceLine = Pos 37,
         sourceColumn = Pos 10},
      ExpectedRecordType (UniVar (UVGlobal 1004)))]),
 Declare
   Obj
   (Rigid
      (RNameIntro
         (UserName "<PLACEHOLDER>") Obj (Id {unId = 0})))
   (Rigid (TypeType Obj))
   (Define
      (Rigid
         (RNameIntro
            (UserName "<PLACEHOLDER>") Obj (Id {unId = 0})))
      (RecType
         (fromList
            [(Field {unField = "tag"}, Rigid TwoType),
             (Field {unField = "data"},
              TwoElim
                (LocalVar (Index {unIndex = 0}))
                (RecType (fromList []))
                (GlobalVar
                   (Rigid
                      (RNameIntro (UserName "Nat") Obj (Id {unId = 0})))
                   False))]))
      (Declare
         Obj
         (Rigid
            (RNameIntro
               (UserName "<PLACEHOLDER>") Obj (Id {unId = 1})))
         (GlobalVar
            (Rigid
               (RNameIntro (UserName "Nat") Obj (Id {unId = 0})))
            False)
         (Declare
            Obj
            (Rigid
               (RNameIntro
                  (UserName "<PLACEHOLDER>") Obj (Id {unId = 2})))
            (ObjFunType
               Explicit
               (GlobalVar
                  (Rigid
                     (RNameIntro (UserName "Nat") Obj (Id {unId = 0})))
                  False)
               (GlobalVar
                  (Rigid
                     (RNameIntro (UserName "Nat") Obj (Id {unId = 0})))
                  False))
            (Declare
               Obj
               (Rigid
                  (RNameIntro
                     (UserName "<PLACEHOLDER>") Obj (Id {unId = 3})))
               (ObjFunType
                  Explicit
                  (GlobalVar
                     (Rigid
                        (RNameIntro (UserName "Nat") Obj (Id {unId = 0})))
                     False)
                  (ObjFunType
                     Explicit
                     (GlobalVar
                        (Rigid
                           (RNameIntro (UserName "Nat") Obj (Id {unId = 0})))
                        False)
                     (GlobalVar
                        (Rigid
                           (RNameIntro (UserName "Nat") Obj (Id {unId = 0})))
                        False)))
               (Define
                  (Rigid
                     (RNameIntro
                        (UserName "<PLACEHOLDER>") Obj (Id {unId = 1})))
                  (RecIntro
                     (fromList
                        [(Field {unField = "tag"}, Rigid TwoIntro0),
                         (Field {unField = "data"}, RecIntro (fromList []))]))
                  (Define
                     (Rigid
                        (RNameIntro
                           (UserName "<PLACEHOLDER>") Obj (Id {unId = 2})))
                     (ObjFunIntro
                        (RecIntro
                           (fromList
                              [(Field {unField = "tag"}, Rigid TwoIntro1),
                               (Field {unField = "data"},
                                LocalVar (Index {unIndex = 1}))])))
                     (Define
                        (Rigid
                           (RNameIntro
                              (UserName "<PLACEHOLDER>") Obj (Id {unId = 3})))
                        (ObjFunIntro
                           (ObjFunIntro
                              (TwoElim
                                 (Rigid ElabError)
                                 (LocalVar (Index {unIndex = 0}))
                                 (ObjFunElim
                                    (ObjFunElim
                                       (GlobalVar
                                          (Rigid
                                             (RNameIntro
                                                (UserName "add")
                                                Obj
                                                (Id {unId = 3})))
                                          False)
                                       (Rigid ElabError))
                                    (LocalVar (Index {unIndex = 0}))))))
                        (Rigid (TypeType Obj))))))))))
