((fromList
    [(UVGlobal 1000, Nothing),
     (UVGlobal 1001, Nothing),
     (UVGlobal 1002, Just (TypeType Obj)),
     (UVGlobal 1003, Just (TypeType Obj)),
     (UVGlobal 1004, Nothing),
     (UVGlobal 1005, Nothing),
     (UVGlobal 1006, Nothing),
     (UVGlobal 1007, Nothing),
     (UVGlobal 1008, Nothing),
     (UVGlobal 1009, Nothing),
     (UVGlobal 1010, Nothing),
     (UVGlobal 1011, Nothing),
     (UVGlobal 1012, Nothing),
     (UVGlobal 1013, Nothing),
     (UVGlobal 1014, Nothing),
     (UVGlobal 1015, Nothing),
     (UVGlobal 1016, Nothing),
     (UVGlobal 1017, Nothing),
     (UVGlobal 1018, Nothing),
     (UVGlobal 1019, Nothing),
     (UVGlobal 1020, Nothing),
     (UVGlobal 1021, Nothing),
     (UVGlobal 1022,
      Just (Neutral _ (GlobalVar (Id {unId = 0})))),
     (UVGlobal 1023,
      Just (Neutral _ (GlobalVar (Id {unId = 0})))),
     (UVGlobal 1024, Nothing),
     (UVGlobal 1025, Nothing),
     (UVGlobal 1026, Nothing),
     (UVGlobal 1027, Nothing),
     (UVGlobal 1028, Nothing),
     (UVGlobal 1029, Nothing),
     (UVGlobal 1030, Nothing),
     (UVGlobal 1031, Nothing),
     (UVGlobal 1032, Nothing),
     (UVGlobal 1033, Nothing)],
  fromList [],
  fromList [],
  fromList []),
 Let
   (fromList
      [ObjTerm
         (Id {unId = 0})
         (TypeType Obj)
         (RecType
            (fromList
               [(Field {unField = "tag"}, Rigid TwoType),
                (Field {unField = "data"},
                 TwoElim
                   (LocalVar (Index {unIndex = 0}))
                   (UniVar (UVGlobal 1002))
                   (RecType (fromList []))
                   (GlobalVar (Id {unId = 0})))])),
       ObjTerm
         (Id {unId = 1})
         (GlobalVar (Id {unId = 0}))
         (RecIntro
            (fromList
               [(Field {unField = "tag"}, Rigid TwoIntro0),
                (Field {unField = "data"},
                 RecIntro (fromList []))])),
       ObjTerm
         (Id {unId = 2})
         (ObjFunType
            Explicit
            (GlobalVar (Id {unId = 0}))
            (GlobalVar (Id {unId = 0})))
         (ObjFunIntro
            (RecIntro
               (fromList
                  [(Field {unField = "tag"}, Rigid TwoIntro1),
                   (Field {unField = "data"},
                    LocalVar (Index {unIndex = 1}))]))),
       ObjTerm
         (Id {unId = 3})
         (ObjFunType
            Explicit
            (GlobalVar (Id {unId = 0}))
            (ObjFunType
               Explicit
               (GlobalVar (Id {unId = 0}))
               (GlobalVar (Id {unId = 0}))))
         (ObjFunIntro
            (ObjFunIntro
               (TwoElim
                  (RecElim
                     (LocalVar (Index {unIndex = 1}))
                     (Field {unField = "tag"}))
                  (UniVar (UVGlobal 1022))
                  (LocalVar (Index {unIndex = 0}))
                  (ObjFunElim
                     (ObjFunElim
                        (GlobalVar (Id {unId = 3}))
                        (RecElim
                           (LocalVar (Index {unIndex = 1}))
                           (Field {unField = "data"})))
                     (LocalVar (Index {unIndex = 0}))))))])
   (TypeType Obj))
