((fromList [], fromList [], fromList []),
 Declare
   Obj
   (Rigid (NameIntro Obj (Id {unId = 0})))
   (Rigid (TypeType Obj))
   (Define
      (Rigid (NameIntro Obj (Id {unId = 0})))
      (RecType (fromList []))
      (Declare
         Obj
         (Rigid (NameIntro Obj (Id {unId = 1})))
         (GlobalVar (Rigid (NameIntro Obj (Id {unId = 0}))))
         (Define
            (Rigid (NameIntro Obj (Id {unId = 1})))
            (RecIntro (fromList []))
            (Rigid (TypeType Obj))))))
