((fromList [], fromList [], fromList []),
 Declare
   Obj
   (Rigid
      (RNameIntro
         (UserName "<PLACEHOLDER>") Obj (Id {unId = 0})))
   (Rigid (TypeType Obj))
   (Declare
      Obj
      (Rigid
         (RNameIntro
            (UserName "<PLACEHOLDER>") Obj (Id {unId = 1})))
      (Rigid (TypeType Obj))
      (Define
         (Rigid
            (RNameIntro
               (UserName "<PLACEHOLDER>") Obj (Id {unId = 0})))
         (RecType
            (fromList
               [(Field {unField = "tag"}, Rigid TwoType),
                (Field {unField = "data"},
                 TwoElim
                   (LocalVar (Index {unIndex = 0}))
                   (RecType (fromList []))
                   (GlobalVar
                      (Rigid
                         (RNameIntro
                            (UserName "Nat") Obj (Id {unId = 0})))))]))
         (Define
            (Rigid
               (RNameIntro
                  (UserName "<PLACEHOLDER>") Obj (Id {unId = 1})))
            (RecType
               (fromList
                  [(Field {unField = "tag"},
                    GlobalVar
                      (Rigid
                         (RNameIntro (UserName "Nat") Obj (Id {unId = 0})))),
                   (Field {unField = "data"},
                    TwoElim
                      (RecElim
                         (LocalVar (Index {unIndex = 0}))
                         (Field {unField = "tag"}))
                      (RecType
                         (fromList
                            [(Field {unField = "data"},
                              GlobalVar
                                (Rigid
                                   (RNameIntro
                                      (UserName "Nat") Obj (Id {unId = 0}))))]))
                      (TwoElim
                         (RecElim
                            (RecElim
                               (LocalVar (Index {unIndex = 0}))
                               (Field {unField = "data"}))
                            (Field {unField = "tag"}))
                         (RecType
                            (fromList [(Field {unField = "a"}, Rigid TwoType)]))
                         (RecType
                            (fromList
                               [(Field {unField = "data"},
                                 Rigid TwoType)]))))]))
            (Rigid (TypeType Obj))))))
