((fromList
    [(UVGlobal 1000, Nothing),
     (UVGlobal 1001, Nothing),
     (UVGlobal 1002,
      Just
        (UVSol
           ((RecType
               fromList
               [(Field {unField = "foo"},
                 Clo
                   fromList
                   [(LocalVar Level {unLevel = 1}),
                    (LocalVar Level {unLevel = 0})]
                   (UniVar (UVGlobal 1003)))])))),
     (UVGlobal 1003, Nothing)],
  fromList
    [(UVGlobal 1000, UVGlobal 1003),
     (UVGlobal 1003, UVGlobal 1000)],
  fromList
    [(SourcePos
        {sourceName = "<TODO>",
         sourceLine = Pos 1,
         sourceColumn = Pos 20},
      FailedUnify
        (RecType (fromList []))
        (ObjFunType
           Explicit
           (UniVar (UVGlobal 1000))
           (ObjFunType
              Explicit
              (UniVar (UVGlobal 1001))
              (RecType
                 (fromList
                    [(Field {unField = "foo"},
                      UniVar (UVGlobal 1003))])))))]),
 Declare
   Obj
   (Rigid
      (RNameIntro
         (UserName "<PLACEHOLDER>") Obj (Id {unId = 0})))
   (RecType (fromList []))
   (Define
      (Rigid
         (RNameIntro
            (UserName "<PLACEHOLDER>") Obj (Id {unId = 0})))
      (ObjFunIntro
         (ObjFunIntro
            (RecIntro
               (fromList
                  [(Field {unField = "foo"},
                    LocalVar (Index {unIndex = 1}))]))))
      (Rigid (TypeType Obj))))
