((fromList
    [(UVGlobal 1000,
      Just
        (UVSol
           ((Neutral
               _
               (GlobalVar
                  (Rigid
                     (RNameIntro (UserName "Nat") Obj (Id {unId = 0})))
                  False))))),
     (UVGlobal 1001,
      Just
        (UVSol
           ((Neutral
               _
               (GlobalVar
                  (Rigid
                     (RNameIntro (UserName "Nat") Obj (Id {unId = 0})))
                  False))))),
     (UVGlobal 1002,
      Just
        (UVSol
           ((Neutral
               _
               (GlobalVar
                  (Rigid
                     (RNameIntro (UserName "Nat") Obj (Id {unId = 0})))
                  False))))),
     (UVGlobal 1003,
      Just
        (UVSol
           ((Neutral
               _
               (GlobalVar
                  (Rigid
                     (RNameIntro (UserName "Nat") Obj (Id {unId = 0})))
                  False))))),
     (UVGlobal 1004,
      Just
        (UVSol
           ((Neutral
               _
               (GlobalVar
                  (Rigid
                     (RNameIntro (UserName "zero") Obj (Id {unId = 1})))
                  False))))),
     (UVGlobal 1005,
      Just
        (UVSol
           ((Neutral
               _
               (ObjFunElim
                  (Neutral
                     _
                     (GlobalVar
                        (Rigid
                           (RNameIntro (UserName "succ") Obj (Id {unId = 2})))
                        False))
                  (LocalVar Level {unLevel = 1}))))))],
  fromList [],
  fromList []),
 Declare
   Obj
   (Rigid
      (RNameIntro (UserName "Nat") Obj (Id {unId = 0})))
   (Rigid (TypeType Obj))
   (Define
      (Rigid
         (RNameIntro (UserName "Nat") Obj (Id {unId = 0})))
      (RecType
         (fromList
            [(Field {unField = "tag"}, Rigid TwoType),
             (Field {unField = "data"},
              TwoElim
                (LocalVar (Index {unIndex = 0}))
                (RecType (fromList []))
                (GlobalVar
                   (Rigid
                      (RNameIntro (UserName "Nat") Obj (Id {unId = 0})))
                   False))]))
      (Declare
         Obj
         (Rigid
            (RNameIntro (UserName "zero") Obj (Id {unId = 1})))
         (GlobalVar
            (Rigid
               (RNameIntro (UserName "Nat") Obj (Id {unId = 0})))
            False)
         (Declare
            Obj
            (Rigid
               (RNameIntro (UserName "succ") Obj (Id {unId = 2})))
            (ObjFunType
               Explicit
               (GlobalVar
                  (Rigid
                     (RNameIntro (UserName "Nat") Obj (Id {unId = 0})))
                  False)
               (GlobalVar
                  (Rigid
                     (RNameIntro (UserName "Nat") Obj (Id {unId = 0})))
                  False))
            (Declare
               Obj
               (Rigid
                  (RNameIntro (UserName "Vect") Obj (Id {unId = 3})))
               (ObjFunType
                  Explicit
                  (GlobalVar
                     (Rigid
                        (RNameIntro (UserName "Nat") Obj (Id {unId = 0})))
                     False)
                  (ObjFunType
                     Explicit
                     (Rigid (TypeType Obj))
                     (Rigid (TypeType Obj))))
               (Define
                  (Rigid
                     (RNameIntro (UserName "zero") Obj (Id {unId = 1})))
                  (RecIntro
                     (fromList
                        [(Field {unField = "tag"}, Rigid TwoIntro0),
                         (Field {unField = "data"}, RecIntro (fromList []))]))
                  (Define
                     (Rigid
                        (RNameIntro (UserName "succ") Obj (Id {unId = 2})))
                     (ObjFunIntro
                        (RecIntro
                           (fromList
                              [(Field {unField = "tag"}, Rigid TwoIntro1),
                               (Field {unField = "data"},
                                LocalVar (Index {unIndex = 1}))])))
                     (Define
                        (Rigid
                           (RNameIntro (UserName "Vect") Obj (Id {unId = 3})))
                        (ObjFunIntro
                           (ObjFunIntro
                              (RecType
                                 (fromList
                                    [(Field {unField = "tag"}, Rigid TwoType),
                                     (Field {unField = "data"},
                                      TwoElim
                                        (LocalVar (Index {unIndex = 0}))
                                        (RecType
                                           (fromList
                                              [(Field {unField = "index"},
                                                Rigid
                                                  (ObjIdType
                                                     (LocalVar
                                                        (Index {unIndex = 2}))
                                                     (GlobalVar
                                                        (Rigid
                                                           (RNameIntro
                                                              (UserName "zero")
                                                              Obj
                                                              (Id {unId = 1})))
                                                        False)))]))
                                        (RecType
                                           (fromList
                                              [(Field {unField = "m"},
                                                GlobalVar
                                                  (Rigid
                                                     (RNameIntro
                                                        (UserName "Nat")
                                                        Obj
                                                        (Id {unId = 0})))
                                                  False),
                                               (Field {unField = "item"},
                                                LocalVar (Index {unIndex = 2})),
                                               (Field {unField = "index"},
                                                Rigid
                                                  (ObjIdType
                                                     (LocalVar
                                                        (Index {unIndex = 4}))
                                                     (ObjFunElim
                                                        (GlobalVar
                                                           (Rigid
                                                              (RNameIntro
                                                                 (UserName
                                                                    "succ")
                                                                 Obj
                                                                 (Id
                                                                    {unId =
                                                                       2})))
                                                           False)
                                                        (LocalVar
                                                           (Index
                                                              {unIndex =
                                                                 1}))))),
                                               (Field {unField = "next"},
                                                ObjFunElim
                                                  (ObjFunElim
                                                     (GlobalVar
                                                        (Rigid
                                                           (RNameIntro
                                                              (UserName "Vect")
                                                              Obj
                                                              (Id {unId = 3})))
                                                        False)
                                                     (LocalVar
                                                        (Index {unIndex = 2})))
                                                  (LocalVar
                                                     (Index
                                                        {unIndex =
                                                           4})))])))]))))
                        (Declare
                           Obj
                           (Rigid
                              (RNameIntro (UserName "nil") Obj (Id {unId = 4})))
                           (ObjFunType
                              Unification
                              (Rigid (TypeType Obj))
                              (ObjFunElim
                                 (ObjFunElim
                                    (GlobalVar
                                       (Rigid
                                          (RNameIntro
                                             (UserName "Vect")
                                             Obj
                                             (Id {unId = 3})))
                                       False)
                                    (GlobalVar
                                       (Rigid
                                          (RNameIntro
                                             (UserName "zero")
                                             Obj
                                             (Id {unId = 1})))
                                       False))
                                 (LocalVar (Index {unIndex = 0}))))
                           (Declare
                              Obj
                              (Rigid
                                 (RNameIntro
                                    (UserName "cons") Obj (Id {unId = 5})))
                              (ObjFunType
                                 Unification
                                 (Rigid (TypeType Obj))
                                 (ObjFunType
                                    Unification
                                    (GlobalVar
                                       (Rigid
                                          (RNameIntro
                                             (UserName "Nat")
                                             Obj
                                             (Id {unId = 0})))
                                       False)
                                    (ObjFunType
                                       Explicit
                                       (LocalVar (Index {unIndex = 1}))
                                       (ObjFunType
                                          Explicit
                                          (ObjFunElim
                                             (ObjFunElim
                                                (GlobalVar
                                                   (Rigid
                                                      (RNameIntro
                                                         (UserName "Vect")
                                                         Obj
                                                         (Id {unId = 3})))
                                                   False)
                                                (LocalVar
                                                   (Index {unIndex = 1})))
                                             (LocalVar (Index {unIndex = 2})))
                                          (ObjFunElim
                                             (ObjFunElim
                                                (GlobalVar
                                                   (Rigid
                                                      (RNameIntro
                                                         (UserName "Vect")
                                                         Obj
                                                         (Id {unId = 3})))
                                                   False)
                                                (ObjFunElim
                                                   (GlobalVar
                                                      (Rigid
                                                         (RNameIntro
                                                            (UserName "succ")
                                                            Obj
                                                            (Id {unId = 2})))
                                                      False)
                                                   (LocalVar
                                                      (Index {unIndex = 2}))))
                                             (LocalVar
                                                (Index {unIndex = 3})))))))
                              (Define
                                 (Rigid
                                    (RNameIntro
                                       (UserName "nil") Obj (Id {unId = 4})))
                                 (ObjFunIntro
                                    (RecIntro
                                       (fromList
                                          [(Field {unField = "tag"},
                                            Rigid TwoIntro0),
                                           (Field {unField = "data"},
                                            RecIntro
                                              (fromList
                                                 [(Field {unField = "index"},
                                                   Rigid
                                                     (ObjIdIntro
                                                        (GlobalVar
                                                           (Rigid
                                                              (RNameIntro
                                                                 (UserName
                                                                    "zero")
                                                                 Obj
                                                                 (Id
                                                                    {unId =
                                                                       1})))
                                                           False)))]))])))
                                 (Define
                                    (Rigid
                                       (RNameIntro
                                          (UserName "cons")
                                          Obj
                                          (Id {unId = 5})))
                                    (ObjFunIntro
                                       (ObjFunIntro
                                          (ObjFunIntro
                                             (ObjFunIntro
                                                (RecIntro
                                                   (fromList
                                                      [(Field {unField = "tag"},
                                                        Rigid TwoIntro1),
                                                       (Field
                                                          {unField = "data"},
                                                        RecIntro
                                                          (fromList
                                                             [(Field
                                                                 {unField =
                                                                    "m"},
                                                               LocalVar
                                                                 (Index
                                                                    {unIndex =
                                                                       3})),
                                                              (Field
                                                                 {unField =
                                                                    "item"},
                                                               LocalVar
                                                                 (Index
                                                                    {unIndex =
                                                                       3})),
                                                              (Field
                                                                 {unField =
                                                                    "index"},
                                                               Rigid
                                                                 (ObjIdIntro
                                                                    (ObjFunElim
                                                                       (GlobalVar
                                                                          (Rigid
                                                                             (RNameIntro
                                                                                (UserName
                                                                                   "succ")
                                                                                Obj
                                                                                (Id
                                                                                   {unId =
                                                                                      2})))
                                                                          False)
                                                                       (LocalVar
                                                                          (Index
                                                                             {unIndex =
                                                                                5}))))),
                                                              (Field
                                                                 {unField =
                                                                    "next"},
                                                               LocalVar
                                                                 (Index
                                                                    {unIndex =
                                                                       4}))]))]))))))
                                    (Rigid (TypeType Obj))))))))))))))
